19:49:26  [pad-loop:PAD 1] starting: return to origin (if needed) -> extrude -> r_align -> laser cut.
19:49:26  [pad-loop:PAD 1] MOVE Z -1220  —  lower head to alignment/working height
19:49:32  [extrude:START] pad1: extend 't' until CF_Tip is within ±100µm of pad center (calibration 1060.0µm).
19:49:32  [extrude:INIT] MOVE t +100  —  extend wire to bring CF_Tip into camera view
19:49:33  [extrude:ATTEMPT 1] MOVE t +100.0µm  —  close horizontal gap to pad1 (1737.3µm remaining)
19:49:34  [extrude:ATTEMPT 2] MOVE t +100.0µm  —  close horizontal gap to pad1 (1594.3µm remaining)
19:49:36  [extrude:ATTEMPT 3] MOVE t +100.0µm  —  close horizontal gap to pad1 (1223.6µm remaining)
19:49:37  [extrude:ATTEMPT 4] MOVE t +100.0µm  —  close horizontal gap to pad1 (762.7µm remaining)
19:49:39  [extrude:ATTEMPT 5] MOVE t +100.0µm  —  close horizontal gap to pad1 (6742.8µm remaining)
19:49:41  [extrude:ATTEMPT 6] MOVE t -100.0µm  —  close horizontal gap to pad1 (354.9µm remaining)
19:49:42  [extrude:ATTEMPT 7] MOVE t -100.0µm  —  close horizontal gap to pad1 (148.3µm remaining)
19:49:44  [extrude:ATTEMPT 8] MOVE t +100.0µm  —  close horizontal gap to pad1 (137.7µm remaining)
19:49:45  [extrude:DONE] pad1: CF_Tip within ±100µm of pad center after 9 attempt(s).
19:49:47  [r_align:START] pad1: level wire → re-acquire pads → restore pad Y → recover VisibleArea → rough-center tip → fine Y then X align.
19:49:47  [r_align:ANGLE] CF→GC -4.42° vs reference 0.00° (Δ-4.42°, tol ±0.5°).
19:49:47  [r_align:ROTATE] MOVE r +4.00°  —  level CF→GC wire -4.42° → 0.00° (Δ-4.42°)
19:49:55  [r_align:PAD-SEARCH] re-acquiring pads: stepping X + until all 8 pads are visible.
19:49:55  [r_align:PAD-SEARCH] MOVE X +1000µm  —  not all pads visible yet — searching to re-acquire pads shifted by the rotation
19:49:59  [r_align:PAD-SEARCH] MOVE X +1000µm  —  not all pads visible yet — searching to re-acquire pads shifted by the rotation
19:50:04  [r_align:PAD-SEARCH] MOVE X +1000µm  —  not all pads visible yet — searching to re-acquire pads shifted by the rotation
19:50:08  [r_align:PAD-SEARCH] MOVE X +1000µm  —  not all pads visible yet — searching to re-acquire pads shifted by the rotation
19:50:13  [r_align:PAD-SEARCH] MOVE X +1000µm  —  not all pads visible yet — searching to re-acquire pads shifted by the rotation
19:50:18  [r_align:PAD-SEARCH] MOVE X +1000µm  —  not all pads visible yet — searching to re-acquire pads shifted by the rotation
19:50:22  [r_align:PAD-SEARCH] MOVE X +1000µm  —  not all pads visible yet — searching to re-acquire pads shifted by the rotation
19:50:27  [r_align:PAD-SEARCH] MOVE X +1000µm  —  not all pads visible yet — searching to re-acquire pads shifted by the rotation
19:50:32  [r_align:PAD-SEARCH] MOVE X +1000µm  —  not all pads visible yet — searching to re-acquire pads shifted by the rotation
19:50:36  [r_align:PAD-SEARCH] MOVE X +1000µm  —  not all pads visible yet — searching to re-acquire pads shifted by the rotation
19:50:41  [r_align:PAD-SEARCH] MOVE X +1000µm  —  not all pads visible yet — searching to re-acquire pads shifted by the rotation
19:50:45  [r_align:PAD-SEARCH] MOVE X +1000µm  —  not all pads visible yet — searching to re-acquire pads shifted by the rotation
19:50:50  [r_align:PAD-SEARCH] MOVE X +1000µm  —  all 8 pads visible — one extra step for margin
19:50:55  [r_align:STEP1 Y-RESTORE] MOVE Y -2404.7µm  —  return pad to its pre-rotation row (1076.0px → ref 849.0px)
19:51:04  [r_align:STEP2 VA-RECOVER] stepping X + until VisibleArea returns to >=80% of its pre-rotation size.
19:51:04  [r_align:STEP2 VA-RECOVER] MOVE X +1000µm  —  VisibleArea only 33% in frame (<80%) — stepping to bring it back
19:51:08  [r_align:STEP2 VA-RECOVER] MOVE X +1000µm  —  VisibleArea only 38% in frame (<80%) — stepping to bring it back
19:51:13  [r_align:STEP2 VA-RECOVER] MOVE X +1000µm  —  VisibleArea only 74% in frame (<80%) — stepping to bring it back
19:51:18  [r_align:STEP2 VA-RECOVER] VisibleArea back to 104% of pre-rotation area — recovered.
19:51:18  [r_align:STEP2 ROUGH-CENTER] MOVE X +897.8µm  —  bring live CF_Tip to VisibleArea top-25% so tip & pad are both detectable
19:51:22  [r_align:STEP3 Y-ALIGN] MOVE X +3548.8µm  —  match tip row to pad center (tip 1047.5px vs pad 712.5px, live)
19:51:30  [r_align:STEP3 X-ALIGN] MOVE Y -6425.0µm  —  open-loop final approach (live tip 1084.5px vs pad 478.0px); tip leaves view mid-move
19:51:40  [r_align:DONE] pad1 alignment sequence complete.
19:51:49  [origin:MICROWIRE] navigating to saved 'microwire' origin.
19:51:49  [origin:MICROWIRE] MOVE Z -5000  —  drop Z for clearance before XY/r move
19:51:52  [origin:MICROWIRE] MOVE Y +5155.0  —  move to saved 'microwire' origin (Y -> 2383910.000)
19:51:54  [origin:MICROWIRE] MOVE X -19027.5  —  move to saved 'microwire' origin (X -> 343747.500)
